---
source: src/data/language_group.rs
expression: "{ let mut pre = pre.clone(); pre.merge(&post_b); pre }"
---
version: 0.1.0
family_id: 00000000-0000-0000-0000-000000000000
protolangs:
  - name: "1"
    phonemes: {}
    description: ~
langs:
  - name: "2"
    phonemes: {}
    description: ~
    ancestors:
      - "1"

